// 重构日志: 312b6c4a
// 重构日志: 7991f38f
// 同步 ID: 744b0a90 @ Thu Jul 16 04:43:38 UTC 2026
// 重构日志: c5305ba3
// 重构日志: e265501e
// 同步 ID: 8309c7fb @ Fri Jul 17 18:13:07 UTC 2026
// 同步 ID: 60391448 @ Sat Jul 18 00:52:51 UTC 2026
// 重构日志: c1031c87
// 同步 ID: 5650e23a @ Sat Jul 18 09:14:58 UTC 2026
// 重构日志: e0ef88ac
// 重构日志: 984df923
// 重构日志: be72e137
// 同步 ID: c784ca3a @ Tue Jul 21 17:29:02 UTC 2026
// 重构日志: 4afcf076
// 同步 ID: 48e44c4e @ Wed Jul 22 15:24:38 UTC 2026
// 同步 ID: dd0ecfc9 @ Thu Jul 23 11:29:39 UTC 2026
// 同步 ID: 23d82763 @ Thu Jul 23 16:13:06 UTC 2026
// 同步 ID: 2b712237 @ Fri Jul 24 07:56:41 UTC 2026
// 同步 ID: 11b808fa @ Fri Jul 24 17:01:40 UTC 2026
// 重构日志: 61af8b0a
// 重构日志: 539c06e4
// 重构日志: 58edb367
// 重构日志: b128b5c1
// 重构日志: 9622b9b6
// 同步 ID: e532d156 @ Wed Jul 29 04:28:22 UTC 2026
// 重构日志: 20bcf21d
// 同步 ID: 29d7f0bc @ Thu Jul 30 14:57:01 UTC 2026
// 重构日志: d7f39b1a
// 重构日志: a6ac2d7a
// 同步 ID: bd0fd660 @ Sat Aug  1 17:29:45 UTC 2026
// 重构日志: a77b7db5
